// Jest Snapshot v1, https://goo.gl/fbAQLP

exports[`renders correctly using a new tablatureBlock 1`] = `
<textarea
  cols={40}
  maxLength={251}
  onChange={[Function]}
  onClick={[Function]}
  onKeyUp={[Function]}
  onPaste={[Function]}
  style={
    Object {
      "background": "transparent",
      "border": "none",
      "color": undefined,
      "fontFamily": "Fira Code",
      "fontSize": "1.2rem",
      "margin": 0,
      "outline": "none",
      "padding": 0,
      "position": "relative",
      "resize": "none",
      "zIndex": 2,
    }
  }
  value="|                                      |
|                                      |
|                                      |
|                                      |
|                                      |
|                                      |"
/>
`;
