// Jest Snapshot v1, https://goo.gl/fbAQLP

exports[`rendersa new tab correctly 1`] = `
<div
  data-testid="Editor"
>
  <div
    className="MuiPaper-root MuiPaper-elevation MuiPaper-rounded MuiPaper-elevation1 css-1ps6pg7-MuiPaper-root"
  >
    <div
      className="MuiBox-root css-gg4vpm"
    >
      <input
        name="name"
        onChange={[Function]}
        placeholder="A tasty lick"
        type="text"
        value="A tasty lick"
      />
      <button
        aria-label="Add tablature block"
        aria-labelledby={null}
        className="MuiButtonBase-root MuiIconButton-root MuiIconButton-sizeMedium css-78trlr-MuiButtonBase-root-MuiIconButton-root"
        data-mui-internal-clone-element={true}
        disabled={false}
        onBlur={[Function]}
        onClick={[Function]}
        onContextMenu={[Function]}
        onDragLeave={[Function]}
        onFocus={[Function]}
        onKeyDown={[Function]}
        onKeyUp={[Function]}
        onMouseDown={[Function]}
        onMouseLeave={[Function]}
        onMouseOver={[Function]}
        onMouseUp={[Function]}
        onTouchEnd={[Function]}
        onTouchMove={[Function]}
        onTouchStart={[Function]}
        tabIndex={0}
        type="button"
      >
        <svg
          aria-hidden={true}
          className="MuiSvgIcon-root MuiSvgIcon-fontSizeMedium css-i4bv87-MuiSvgIcon-root"
          data-testid="PlaylistAddIcon"
          focusable="false"
          viewBox="0 0 24 24"
        >
          <path
            d="M14 10H3v2h11v-2zm0-4H3v2h11V6zm4 8v-4h-2v4h-4v2h4v4h2v-4h4v-2h-4zM3 16h7v-2H3v2z"
          />
        </svg>
        <span
          className="MuiTouchRipple-root css-8je8zh-MuiTouchRipple-root"
        />
      </button>
      <button
        aria-label="Add note block"
        aria-labelledby={null}
        className="MuiButtonBase-root MuiIconButton-root MuiIconButton-sizeMedium css-78trlr-MuiButtonBase-root-MuiIconButton-root"
        data-mui-internal-clone-element={true}
        disabled={false}
        onBlur={[Function]}
        onClick={[Function]}
        onContextMenu={[Function]}
        onDragLeave={[Function]}
        onFocus={[Function]}
        onKeyDown={[Function]}
        onKeyUp={[Function]}
        onMouseDown={[Function]}
        onMouseLeave={[Function]}
        onMouseOver={[Function]}
        onMouseUp={[Function]}
        onTouchEnd={[Function]}
        onTouchMove={[Function]}
        onTouchStart={[Function]}
        tabIndex={0}
        type="button"
      >
        <svg
          aria-hidden={true}
          className="MuiSvgIcon-root MuiSvgIcon-fontSizeMedium css-i4bv87-MuiSvgIcon-root"
          data-testid="TextSnippetIcon"
          focusable="false"
          viewBox="0 0 24 24"
        >
          <path
            d="m20.41 8.41-4.83-4.83c-.37-.37-.88-.58-1.41-.58H5c-1.1 0-2 .9-2 2v14c0 1.1.9 2 2 2h14c1.1 0 2-.9 2-2V9.83c0-.53-.21-1.04-.59-1.42zM7 7h7v2H7V7zm10 10H7v-2h10v2zm0-4H7v-2h10v2z"
          />
        </svg>
        <span
          className="MuiTouchRipple-root css-8je8zh-MuiTouchRipple-root"
        />
      </button>
      <button
        aria-label="Save"
        aria-labelledby={null}
        className="MuiButtonBase-root MuiIconButton-root MuiIconButton-sizeMedium css-78trlr-MuiButtonBase-root-MuiIconButton-root"
        data-mui-internal-clone-element={true}
        disabled={false}
        onBlur={[Function]}
        onClick={[Function]}
        onContextMenu={[Function]}
        onDragLeave={[Function]}
        onFocus={[Function]}
        onKeyDown={[Function]}
        onKeyUp={[Function]}
        onMouseDown={[Function]}
        onMouseLeave={[Function]}
        onMouseOver={[Function]}
        onMouseUp={[Function]}
        onTouchEnd={[Function]}
        onTouchMove={[Function]}
        onTouchStart={[Function]}
        tabIndex={0}
        type="button"
      >
        <svg
          aria-hidden={true}
          className="MuiSvgIcon-root MuiSvgIcon-fontSizeMedium css-i4bv87-MuiSvgIcon-root"
          data-testid="SaveIcon"
          focusable="false"
          viewBox="0 0 24 24"
        >
          <path
            d="M17 3H5c-1.11 0-2 .9-2 2v14c0 1.1.89 2 2 2h14c1.1 0 2-.9 2-2V7l-4-4zm-5 16c-1.66 0-3-1.34-3-3s1.34-3 3-3 3 1.34 3 3-1.34 3-3 3zm3-10H5V5h10v4z"
          />
        </svg>
        <span
          className="MuiTouchRipple-root css-8je8zh-MuiTouchRipple-root"
        />
      </button>
    </div>
    <div
      className="MuiBox-root css-gg4vpm"
    >
      <input
        name="name"
        onChange={[Function]}
        placeholder="label"
        style={
          Object {
            "marginLeft": "10px",
          }
        }
        type="text"
      />
      <div>
        <button
          aria-haspopup="true"
          className="MuiButton-root MuiButton-contained MuiButton-containedPrimary MuiButton-sizeMedium MuiButton-containedSizeMedium MuiButton-disableElevation MuiButtonBase-root  css-zddlty-MuiButtonBase-root-MuiButton-root"
          disabled={false}
          id="demo-customized-button"
          onBlur={[Function]}
          onClick={[Function]}
          onContextMenu={[Function]}
          onDragLeave={[Function]}
          onFocus={[Function]}
          onKeyDown={[Function]}
          onKeyUp={[Function]}
          onMouseDown={[Function]}
          onMouseLeave={[Function]}
          onMouseUp={[Function]}
          onTouchEnd={[Function]}
          onTouchMove={[Function]}
          onTouchStart={[Function]}
          tabIndex={0}
          type="button"
        >
          Options
          <span
            className="MuiButton-endIcon MuiButton-iconSizeMedium css-9tj150-MuiButton-endIcon"
          >
            <svg
              aria-hidden={true}
              className="MuiSvgIcon-root MuiSvgIcon-fontSizeMedium css-i4bv87-MuiSvgIcon-root"
              data-testid="KeyboardArrowDownIcon"
              focusable="false"
              viewBox="0 0 24 24"
            >
              <path
                d="M7.41 8.59 12 13.17l4.59-4.58L18 10l-6 6-6-6 1.41-1.41z"
              />
            </svg>
          </span>
          <span
            className="MuiTouchRipple-root css-8je8zh-MuiTouchRipple-root"
          />
        </button>
      </div>
    </div>
    <div
      className="MuiBox-root css-k008qs"
    >
      <textarea
        cols={1}
        readOnly={true}
        style={
          Object {
            "background": "transparent",
            "border": "none",
            "color": "#1976d2",
            "fontSize": "1.2rem",
            "margin": 0,
            "outline": "none",
            "padding": 0,
            "position": "relative",
            "resize": "none",
            "textAlign": "right",
            "zIndex": 2,
          }
        }
        value="|
|
|
|"
      />
      <div
        style={
          Object {
            "position": "relative",
          }
        }
      >
        <textarea
          cols={40}
          maxLength={251}
          onChange={[Function]}
          onClick={[Function]}
          onKeyUp={[Function]}
          onPaste={[Function]}
          style={
            Object {
              "background": "transparent",
              "border": "none",
              "color": "#1976d2",
              "fontSize": "1.2rem",
              "margin": 0,
              "outline": "none",
              "padding": 0,
              "position": "relative",
              "resize": "none",
              "zIndex": 2,
            }
          }
          value="                                        
                                        
                                        
                                        
                                        
                                        "
        />
        <textarea
          cols={40}
          maxLength={251}
          readOnly={true}
          style={
            Object {
              "background": "transparent",
              "border": "none",
              "color": "#fff",
              "fontSize": "1.2rem",
              "left": "0",
              "margin": 0,
              "outline": "none",
              "padding": 0,
              "position": "absolute",
              "resize": "none",
              "translate": "0",
              "zIndex": 1,
            }
          }
          value="----------------------------------------
----------------------------------------
----------------------------------------
----------------------------------------
----------------------------------------
----------------------------------------"
        />
      </div>
    </div>
  </div>
</div>
`;
